efwohwofjwoej
